contact_event dt=0.0005: passed
contact_event dt=0.00025: passed
contact_event dt=0.000125: passed
terrain_resolution dt=0.0005: passed
terrain_resolution dt=0.00025: passed
wheel_inertia dt=0.0005: passed
wheel_inertia dt=0.00025: passed
wheel_inertia dt=0.000125: passed
radial_100 dt=0.0005: passed
radial_100 dt=0.00025: passed
radial_100 dt=0.000125: passed
radial_300 dt=0.0005: passed
radial_300 dt=0.00025: passed
radial_300 dt=0.000125: passed
radial_600 dt=0.0005: passed
radial_600 dt=0.00025: passed
radial_600 dt=0.000125: passed
radial_1000 dt=0.0005: passed
radial_1000 dt=0.00025: passed
radial_1000 dt=0.000125: passed
radial_native_reference dt=0.0005: diagnostic
radial_native_reference dt=0.00025: diagnostic
radial_native_reference dt=0.000125: diagnostic
flat_static dt=0.0005: passed
terrain_resolution dt=0.000125: passed
flat_static dt=0.000125: passed
flat_static dt=0.00025: passed
flat_static_native dt=0.0005: passed
flat_static_native dt=0.00025: failed
incline_30_deg dt=0.0005: passed
incline_30_deg dt=0.00025: passed
incline_30_deg dt=0.000125: passed
flat_static_native dt=0.000125: passed
brake_hold dt=0.0005: passed
requested_sag dt=0.0005: passed
drive_low_mu dt=0.0005: passed
brake_hold dt=0.00025: passed
drive_low_mu dt=0.00025: passed
airborne_internal_actuation dt=0.0005: passed
drive_low_mu dt=0.000125: passed
airborne_internal_actuation dt=0.00025: passed
airborne_internal_actuation dt=0.000125: passed
brake_hold dt=0.000125: passed
/usr/lib/python3.13/multiprocessing/resource_tracker.py:301: UserWarning: resource_tracker: There appear to be 5 leaked semaphore objects to clean up at shutdown: {'/mp-7aj728jj', '/mp-3j94u0so', '/mp-rff6kk6s', '/mp-no615p_q', '/mp-lbzhiath'}
  warnings.warn(
