F                                                                        [100%]
=================================== FAILURES ===================================
______ test_releasing_a_support_uses_current_pose_not_previous_force_row _______

    def test_releasing_a_support_uses_current_pose_not_previous_force_row():
        cfg=SimulationPhysicsConfig('physical',drive_mode='articulated_effort')
        specs=BikeSpecs();rider=RiderSpecs(variant='articulated_planar')
        m=mujoco.MjModel.from_xml_string(generate_mujoco_xml(mode='ride',rider=rider,physics_config=cfg))
        d=mujoco.MjData(m)
        contact=RiderContactApplier(m,geometry_pose(rider,specs),cfg.articulated)
        contact.reset(m,d)
        mujoco.mj_forward(m,d)
        contact.compute_qfrc(m,d,m.opt.timestep)
        # A running step changes the pose before a user's release command. The
        # old force row cannot be used as the new spring-energy datum.
        d.qpos[m.joint('rider_root_z').qposadr[0]]-=.002
        mujoco.mj_forward(m,d)
        energy=contact.stored_energy(m,d)
        contact.release_all()
>       assert contact.pending_release_loss_j==pytest.approx(energy,rel=1e-12,abs=1e-12)
E       assert 2.2301768001644645e-10 == 0.1800073162494833 ± 1.0e-12
E         
E         comparison failed
E         Obtained: 2.2301768001644645e-10
E         Expected: 0.1800073162494833 ± 1.0e-12

tests/test_contact_initial_state.py:66: AssertionError
=========================== short test summary info ============================
FAILED tests/test_contact_initial_state.py::test_releasing_a_support_uses_current_pose_not_previous_force_row - assert 2.2301768001644645e-10 == 0.1800073162494833 ± 1.0e-12
  
  comparison failed
  Obtained: 2.2301768001644645e-10
  Expected: 0.1800073162494833 ± 1.0e-12
1 failed, 2 deselected in 0.44s
