FFFFFFFFFFFFFFFFFFFFFFFFFFFFFFFFFFFFFFFFFFFFFFFFFFFFFFFFFFFFFFFFFF       [100%]
=================================== FAILURES ===================================
_ test_pedal_request_stays_inside_the_flat_pedal_friction_cone[-3.141592653589793] _

phase = np.float64(-3.141592653589793)

    @pytest.mark.parametrize('phase', np.linspace(-np.pi,np.pi,65))
    def test_pedal_request_stays_inside_the_flat_pedal_friction_cone(phase):
>       from bike_sim.sim.ride.rider_control import stance_force, feasible_pedal_force
E       ImportError: cannot import name 'feasible_pedal_force' from 'bike_sim.sim.ride.rider_control' (/mnt/data/bikesim-final/src/bike_sim/sim/ride/rider_control.py)

tests/test_rider_posture_tracking.py:149: ImportError
_ test_pedal_request_stays_inside_the_flat_pedal_friction_cone[-3.043417883165112] _

phase = np.float64(-3.043417883165112)

    @pytest.mark.parametrize('phase', np.linspace(-np.pi,np.pi,65))
    def test_pedal_request_stays_inside_the_flat_pedal_friction_cone(phase):
>       from bike_sim.sim.ride.rider_control import stance_force, feasible_pedal_force
E       ImportError: cannot import name 'feasible_pedal_force' from 'bike_sim.sim.ride.rider_control' (/mnt/data/bikesim-final/src/bike_sim/sim/ride/rider_control.py)

tests/test_rider_posture_tracking.py:149: ImportError
_ test_pedal_request_stays_inside_the_flat_pedal_friction_cone[-2.945243112740431] _

phase = np.float64(-2.945243112740431)

    @pytest.mark.parametrize('phase', np.linspace(-np.pi,np.pi,65))
    def test_pedal_request_stays_inside_the_flat_pedal_friction_cone(phase):
>       from bike_sim.sim.ride.rider_control import stance_force, feasible_pedal_force
E       ImportError: cannot import name 'feasible_pedal_force' from 'bike_sim.sim.ride.rider_control' (/mnt/data/bikesim-final/src/bike_sim/sim/ride/rider_control.py)

tests/test_rider_posture_tracking.py:149: ImportError
_ test_pedal_request_stays_inside_the_flat_pedal_friction_cone[-2.84706834231575] _

phase = np.float64(-2.84706834231575)

    @pytest.mark.parametrize('phase', np.linspace(-np.pi,np.pi,65))
    def test_pedal_request_stays_inside_the_flat_pedal_friction_cone(phase):
>       from bike_sim.sim.ride.rider_control import stance_force, feasible_pedal_force
E       ImportError: cannot import name 'feasible_pedal_force' from 'bike_sim.sim.ride.rider_control' (/mnt/data/bikesim-final/src/bike_sim/sim/ride/rider_control.py)

tests/test_rider_posture_tracking.py:149: ImportError
_ test_pedal_request_stays_inside_the_flat_pedal_friction_cone[-2.748893571891069] _

phase = np.float64(-2.748893571891069)

    @pytest.mark.parametrize('phase', np.linspace(-np.pi,np.pi,65))
    def test_pedal_request_stays_inside_the_flat_pedal_friction_cone(phase):
>       from bike_sim.sim.ride.rider_control import stance_force, feasible_pedal_force
E       ImportError: cannot import name 'feasible_pedal_force' from 'bike_sim.sim.ride.rider_control' (/mnt/data/bikesim-final/src/bike_sim/sim/ride/rider_control.py)

tests/test_rider_posture_tracking.py:149: ImportError
_ test_pedal_request_stays_inside_the_flat_pedal_friction_cone[-2.650718801466388] _

phase = np.float64(-2.650718801466388)

    @pytest.mark.parametrize('phase', np.linspace(-np.pi,np.pi,65))
    def test_pedal_request_stays_inside_the_flat_pedal_friction_cone(phase):
>       from bike_sim.sim.ride.rider_control import stance_force, feasible_pedal_force
E       ImportError: cannot import name 'feasible_pedal_force' from 'bike_sim.sim.ride.rider_control' (/mnt/data/bikesim-final/src/bike_sim/sim/ride/rider_control.py)

tests/test_rider_posture_tracking.py:149: ImportError
_ test_pedal_request_stays_inside_the_flat_pedal_friction_cone[-2.552544031041707] _

phase = np.float64(-2.552544031041707)

    @pytest.mark.parametrize('phase', np.linspace(-np.pi,np.pi,65))
    def test_pedal_request_stays_inside_the_flat_pedal_friction_cone(phase):
>       from bike_sim.sim.ride.rider_control import stance_force, feasible_pedal_force
E       ImportError: cannot import name 'feasible_pedal_force' from 'bike_sim.sim.ride.rider_control' (/mnt/data/bikesim-final/src/bike_sim/sim/ride/rider_control.py)

tests/test_rider_posture_tracking.py:149: ImportError
_ test_pedal_request_stays_inside_the_flat_pedal_friction_cone[-2.454369260617026] _

phase = np.float64(-2.454369260617026)

    @pytest.mark.parametrize('phase', np.linspace(-np.pi,np.pi,65))
    def test_pedal_request_stays_inside_the_flat_pedal_friction_cone(phase):
>       from bike_sim.sim.ride.rider_control import stance_force, feasible_pedal_force
E       ImportError: cannot import name 'feasible_pedal_force' from 'bike_sim.sim.ride.rider_control' (/mnt/data/bikesim-final/src/bike_sim/sim/ride/rider_control.py)

tests/test_rider_posture_tracking.py:149: ImportError
_ test_pedal_request_stays_inside_the_flat_pedal_friction_cone[-2.356194490192345] _

phase = np.float64(-2.356194490192345)

    @pytest.mark.parametrize('phase', np.linspace(-np.pi,np.pi,65))
    def test_pedal_request_stays_inside_the_flat_pedal_friction_cone(phase):
>       from bike_sim.sim.ride.rider_control import stance_force, feasible_pedal_force
E       ImportError: cannot import name 'feasible_pedal_force' from 'bike_sim.sim.ride.rider_control' (/mnt/data/bikesim-final/src/bike_sim/sim/ride/rider_control.py)

tests/test_rider_posture_tracking.py:149: ImportError
_ test_pedal_request_stays_inside_the_flat_pedal_friction_cone[-2.2580197197676637] _

phase = np.float64(-2.2580197197676637)

    @pytest.mark.parametrize('phase', np.linspace(-np.pi,np.pi,65))
    def test_pedal_request_stays_inside_the_flat_pedal_friction_cone(phase):
>       from bike_sim.sim.ride.rider_control import stance_force, feasible_pedal_force
E       ImportError: cannot import name 'feasible_pedal_force' from 'bike_sim.sim.ride.rider_control' (/mnt/data/bikesim-final/src/bike_sim/sim/ride/rider_control.py)

tests/test_rider_posture_tracking.py:149: ImportError
_ test_pedal_request_stays_inside_the_flat_pedal_friction_cone[-2.1598449493429825] _

phase = np.float64(-2.1598449493429825)

    @pytest.mark.parametrize('phase', np.linspace(-np.pi,np.pi,65))
    def test_pedal_request_stays_inside_the_flat_pedal_friction_cone(phase):
>       from bike_sim.sim.ride.rider_control import stance_force, feasible_pedal_force
E       ImportError: cannot import name 'feasible_pedal_force' from 'bike_sim.sim.ride.rider_control' (/mnt/data/bikesim-final/src/bike_sim/sim/ride/rider_control.py)

tests/test_rider_posture_tracking.py:149: ImportError
_ test_pedal_request_stays_inside_the_flat_pedal_friction_cone[-2.061670178918302] _

phase = np.float64(-2.061670178918302)

    @pytest.mark.parametrize('phase', np.linspace(-np.pi,np.pi,65))
    def test_pedal_request_stays_inside_the_flat_pedal_friction_cone(phase):
>       from bike_sim.sim.ride.rider_control import stance_force, feasible_pedal_force
E       ImportError: cannot import name 'feasible_pedal_force' from 'bike_sim.sim.ride.rider_control' (/mnt/data/bikesim-final/src/bike_sim/sim/ride/rider_control.py)

tests/test_rider_posture_tracking.py:149: ImportError
_ test_pedal_request_stays_inside_the_flat_pedal_friction_cone[-1.9634954084936207] _

phase = np.float64(-1.9634954084936207)

    @pytest.mark.parametrize('phase', np.linspace(-np.pi,np.pi,65))
    def test_pedal_request_stays_inside_the_flat_pedal_friction_cone(phase):
>       from bike_sim.sim.ride.rider_control import stance_force, feasible_pedal_force
E       ImportError: cannot import name 'feasible_pedal_force' from 'bike_sim.sim.ride.rider_control' (/mnt/data/bikesim-final/src/bike_sim/sim/ride/rider_control.py)

tests/test_rider_posture_tracking.py:149: ImportError
_ test_pedal_request_stays_inside_the_flat_pedal_friction_cone[-1.8653206380689396] _

phase = np.float64(-1.8653206380689396)

    @pytest.mark.parametrize('phase', np.linspace(-np.pi,np.pi,65))
    def test_pedal_request_stays_inside_the_flat_pedal_friction_cone(phase):
>       from bike_sim.sim.ride.rider_control import stance_force, feasible_pedal_force
E       ImportError: cannot import name 'feasible_pedal_force' from 'bike_sim.sim.ride.rider_control' (/mnt/data/bikesim-final/src/bike_sim/sim/ride/rider_control.py)

tests/test_rider_posture_tracking.py:149: ImportError
_ test_pedal_request_stays_inside_the_flat_pedal_friction_cone[-1.7671458676442586] _

phase = np.float64(-1.7671458676442586)

    @pytest.mark.parametrize('phase', np.linspace(-np.pi,np.pi,65))
    def test_pedal_request_stays_inside_the_flat_pedal_friction_cone(phase):
>       from bike_sim.sim.ride.rider_control import stance_force, feasible_pedal_force
E       ImportError: cannot import name 'feasible_pedal_force' from 'bike_sim.sim.ride.rider_control' (/mnt/data/bikesim-final/src/bike_sim/sim/ride/rider_control.py)

tests/test_rider_posture_tracking.py:149: ImportError
_ test_pedal_request_stays_inside_the_flat_pedal_friction_cone[-1.6689710972195777] _

phase = np.float64(-1.6689710972195777)

    @pytest.mark.parametrize('phase', np.linspace(-np.pi,np.pi,65))
    def test_pedal_request_stays_inside_the_flat_pedal_friction_cone(phase):
>       from bike_sim.sim.ride.rider_control import stance_force, feasible_pedal_force
E       ImportError: cannot import name 'feasible_pedal_force' from 'bike_sim.sim.ride.rider_control' (/mnt/data/bikesim-final/src/bike_sim/sim/ride/rider_control.py)

tests/test_rider_posture_tracking.py:149: ImportError
_ test_pedal_request_stays_inside_the_flat_pedal_friction_cone[-1.5707963267948966] _

phase = np.float64(-1.5707963267948966)

    @pytest.mark.parametrize('phase', np.linspace(-np.pi,np.pi,65))
    def test_pedal_request_stays_inside_the_flat_pedal_friction_cone(phase):
>       from bike_sim.sim.ride.rider_control import stance_force, feasible_pedal_force
E       ImportError: cannot import name 'feasible_pedal_force' from 'bike_sim.sim.ride.rider_control' (/mnt/data/bikesim-final/src/bike_sim/sim/ride/rider_control.py)

tests/test_rider_posture_tracking.py:149: ImportError
_ test_pedal_request_stays_inside_the_flat_pedal_friction_cone[-1.4726215563702154] _

phase = np.float64(-1.4726215563702154)

    @pytest.mark.parametrize('phase', np.linspace(-np.pi,np.pi,65))
    def test_pedal_request_stays_inside_the_flat_pedal_friction_cone(phase):
>       from bike_sim.sim.ride.rider_control import stance_force, feasible_pedal_force
E       ImportError: cannot import name 'feasible_pedal_force' from 'bike_sim.sim.ride.rider_control' (/mnt/data/bikesim-final/src/bike_sim/sim/ride/rider_control.py)

tests/test_rider_posture_tracking.py:149: ImportError
_ test_pedal_request_stays_inside_the_flat_pedal_friction_cone[-1.3744467859455345] _

phase = np.float64(-1.3744467859455345)

    @pytest.mark.parametrize('phase', np.linspace(-np.pi,np.pi,65))
    def test_pedal_request_stays_inside_the_flat_pedal_friction_cone(phase):
>       from bike_sim.sim.ride.rider_control import stance_force, feasible_pedal_force
E       ImportError: cannot import name 'feasible_pedal_force' from 'bike_sim.sim.ride.rider_control' (/mnt/data/bikesim-final/src/bike_sim/sim/ride/rider_control.py)

tests/test_rider_posture_tracking.py:149: ImportError
_ test_pedal_request_stays_inside_the_flat_pedal_friction_cone[-1.2762720155208536] _

phase = np.float64(-1.2762720155208536)

    @pytest.mark.parametrize('phase', np.linspace(-np.pi,np.pi,65))
    def test_pedal_request_stays_inside_the_flat_pedal_friction_cone(phase):
>       from bike_sim.sim.ride.rider_control import stance_force, feasible_pedal_force
E       ImportError: cannot import name 'feasible_pedal_force' from 'bike_sim.sim.ride.rider_control' (/mnt/data/bikesim-final/src/bike_sim/sim/ride/rider_control.py)

tests/test_rider_posture_tracking.py:149: ImportError
_ test_pedal_request_stays_inside_the_flat_pedal_friction_cone[-1.1780972450961724] _

phase = np.float64(-1.1780972450961724)

    @pytest.mark.parametrize('phase', np.linspace(-np.pi,np.pi,65))
    def test_pedal_request_stays_inside_the_flat_pedal_friction_cone(phase):
>       from bike_sim.sim.ride.rider_control import stance_force, feasible_pedal_force
E       ImportError: cannot import name 'feasible_pedal_force' from 'bike_sim.sim.ride.rider_control' (/mnt/data/bikesim-final/src/bike_sim/sim/ride/rider_control.py)

tests/test_rider_posture_tracking.py:149: ImportError
_ test_pedal_request_stays_inside_the_flat_pedal_friction_cone[-1.0799224746714913] _

phase = np.float64(-1.0799224746714913)

    @pytest.mark.parametrize('phase', np.linspace(-np.pi,np.pi,65))
    def test_pedal_request_stays_inside_the_flat_pedal_friction_cone(phase):
>       from bike_sim.sim.ride.rider_control import stance_force, feasible_pedal_force
E       ImportError: cannot import name 'feasible_pedal_force' from 'bike_sim.sim.ride.rider_control' (/mnt/data/bikesim-final/src/bike_sim/sim/ride/rider_control.py)

tests/test_rider_posture_tracking.py:149: ImportError
_ test_pedal_request_stays_inside_the_flat_pedal_friction_cone[-0.9817477042468106] _

phase = np.float64(-0.9817477042468106)

    @pytest.mark.parametrize('phase', np.linspace(-np.pi,np.pi,65))
    def test_pedal_request_stays_inside_the_flat_pedal_friction_cone(phase):
>       from bike_sim.sim.ride.rider_control import stance_force, feasible_pedal_force
E       ImportError: cannot import name 'feasible_pedal_force' from 'bike_sim.sim.ride.rider_control' (/mnt/data/bikesim-final/src/bike_sim/sim/ride/rider_control.py)

tests/test_rider_posture_tracking.py:149: ImportError
_ test_pedal_request_stays_inside_the_flat_pedal_friction_cone[-0.8835729338221294] _

phase = np.float64(-0.8835729338221294)

    @pytest.mark.parametrize('phase', np.linspace(-np.pi,np.pi,65))
    def test_pedal_request_stays_inside_the_flat_pedal_friction_cone(phase):
>       from bike_sim.sim.ride.rider_control import stance_force, feasible_pedal_force
E       ImportError: cannot import name 'feasible_pedal_force' from 'bike_sim.sim.ride.rider_control' (/mnt/data/bikesim-final/src/bike_sim/sim/ride/rider_control.py)

tests/test_rider_posture_tracking.py:149: ImportError
_ test_pedal_request_stays_inside_the_flat_pedal_friction_cone[-0.7853981633974483] _

phase = np.float64(-0.7853981633974483)

    @pytest.mark.parametrize('phase', np.linspace(-np.pi,np.pi,65))
    def test_pedal_request_stays_inside_the_flat_pedal_friction_cone(phase):
>       from bike_sim.sim.ride.rider_control import stance_force, feasible_pedal_force
E       ImportError: cannot import name 'feasible_pedal_force' from 'bike_sim.sim.ride.rider_control' (/mnt/data/bikesim-final/src/bike_sim/sim/ride/rider_control.py)

tests/test_rider_posture_tracking.py:149: ImportError
_ test_pedal_request_stays_inside_the_flat_pedal_friction_cone[-0.6872233929727671] _

phase = np.float64(-0.6872233929727671)

    @pytest.mark.parametrize('phase', np.linspace(-np.pi,np.pi,65))
    def test_pedal_request_stays_inside_the_flat_pedal_friction_cone(phase):
>       from bike_sim.sim.ride.rider_control import stance_force, feasible_pedal_force
E       ImportError: cannot import name 'feasible_pedal_force' from 'bike_sim.sim.ride.rider_control' (/mnt/data/bikesim-final/src/bike_sim/sim/ride/rider_control.py)

tests/test_rider_posture_tracking.py:149: ImportError
_ test_pedal_request_stays_inside_the_flat_pedal_friction_cone[-0.589048622548086] _

phase = np.float64(-0.589048622548086)

    @pytest.mark.parametrize('phase', np.linspace(-np.pi,np.pi,65))
    def test_pedal_request_stays_inside_the_flat_pedal_friction_cone(phase):
>       from bike_sim.sim.ride.rider_control import stance_force, feasible_pedal_force
E       ImportError: cannot import name 'feasible_pedal_force' from 'bike_sim.sim.ride.rider_control' (/mnt/data/bikesim-final/src/bike_sim/sim/ride/rider_control.py)

tests/test_rider_posture_tracking.py:149: ImportError
_ test_pedal_request_stays_inside_the_flat_pedal_friction_cone[-0.4908738521234053] _

phase = np.float64(-0.4908738521234053)

    @pytest.mark.parametrize('phase', np.linspace(-np.pi,np.pi,65))
    def test_pedal_request_stays_inside_the_flat_pedal_friction_cone(phase):
>       from bike_sim.sim.ride.rider_control import stance_force, feasible_pedal_force
E       ImportError: cannot import name 'feasible_pedal_force' from 'bike_sim.sim.ride.rider_control' (/mnt/data/bikesim-final/src/bike_sim/sim/ride/rider_control.py)

tests/test_rider_posture_tracking.py:149: ImportError
_ test_pedal_request_stays_inside_the_flat_pedal_friction_cone[-0.39269908169872414] _

phase = np.float64(-0.39269908169872414)

    @pytest.mark.parametrize('phase', np.linspace(-np.pi,np.pi,65))
    def test_pedal_request_stays_inside_the_flat_pedal_friction_cone(phase):
>       from bike_sim.sim.ride.rider_control import stance_force, feasible_pedal_force
E       ImportError: cannot import name 'feasible_pedal_force' from 'bike_sim.sim.ride.rider_control' (/mnt/data/bikesim-final/src/bike_sim/sim/ride/rider_control.py)

tests/test_rider_posture_tracking.py:149: ImportError
_ test_pedal_request_stays_inside_the_flat_pedal_friction_cone[-0.294524311274043] _

phase = np.float64(-0.294524311274043)

    @pytest.mark.parametrize('phase', np.linspace(-np.pi,np.pi,65))
    def test_pedal_request_stays_inside_the_flat_pedal_friction_cone(phase):
>       from bike_sim.sim.ride.rider_control import stance_force, feasible_pedal_force
E       ImportError: cannot import name 'feasible_pedal_force' from 'bike_sim.sim.ride.rider_control' (/mnt/data/bikesim-final/src/bike_sim/sim/ride/rider_control.py)

tests/test_rider_posture_tracking.py:149: ImportError
_ test_pedal_request_stays_inside_the_flat_pedal_friction_cone[-0.1963495408493623] _

phase = np.float64(-0.1963495408493623)

    @pytest.mark.parametrize('phase', np.linspace(-np.pi,np.pi,65))
    def test_pedal_request_stays_inside_the_flat_pedal_friction_cone(phase):
>       from bike_sim.sim.ride.rider_control import stance_force, feasible_pedal_force
E       ImportError: cannot import name 'feasible_pedal_force' from 'bike_sim.sim.ride.rider_control' (/mnt/data/bikesim-final/src/bike_sim/sim/ride/rider_control.py)

tests/test_rider_posture_tracking.py:149: ImportError
_ test_pedal_request_stays_inside_the_flat_pedal_friction_cone[-0.09817477042468115] _

phase = np.float64(-0.09817477042468115)

    @pytest.mark.parametrize('phase', np.linspace(-np.pi,np.pi,65))
    def test_pedal_request_stays_inside_the_flat_pedal_friction_cone(phase):
>       from bike_sim.sim.ride.rider_control import stance_force, feasible_pedal_force
E       ImportError: cannot import name 'feasible_pedal_force' from 'bike_sim.sim.ride.rider_control' (/mnt/data/bikesim-final/src/bike_sim/sim/ride/rider_control.py)

tests/test_rider_posture_tracking.py:149: ImportError
______ test_pedal_request_stays_inside_the_flat_pedal_friction_cone[0.0] _______

phase = np.float64(0.0)

    @pytest.mark.parametrize('phase', np.linspace(-np.pi,np.pi,65))
    def test_pedal_request_stays_inside_the_flat_pedal_friction_cone(phase):
>       from bike_sim.sim.ride.rider_control import stance_force, feasible_pedal_force
E       ImportError: cannot import name 'feasible_pedal_force' from 'bike_sim.sim.ride.rider_control' (/mnt/data/bikesim-final/src/bike_sim/sim/ride/rider_control.py)

tests/test_rider_posture_tracking.py:149: ImportError
_ test_pedal_request_stays_inside_the_flat_pedal_friction_cone[0.09817477042468115] _

phase = np.float64(0.09817477042468115)

    @pytest.mark.parametrize('phase', np.linspace(-np.pi,np.pi,65))
    def test_pedal_request_stays_inside_the_flat_pedal_friction_cone(phase):
>       from bike_sim.sim.ride.rider_control import stance_force, feasible_pedal_force
E       ImportError: cannot import name 'feasible_pedal_force' from 'bike_sim.sim.ride.rider_control' (/mnt/data/bikesim-final/src/bike_sim/sim/ride/rider_control.py)

tests/test_rider_posture_tracking.py:149: ImportError
_ test_pedal_request_stays_inside_the_flat_pedal_friction_cone[0.1963495408493623] _

phase = np.float64(0.1963495408493623)

    @pytest.mark.parametrize('phase', np.linspace(-np.pi,np.pi,65))
    def test_pedal_request_stays_inside_the_flat_pedal_friction_cone(phase):
>       from bike_sim.sim.ride.rider_control import stance_force, feasible_pedal_force
E       ImportError: cannot import name 'feasible_pedal_force' from 'bike_sim.sim.ride.rider_control' (/mnt/data/bikesim-final/src/bike_sim/sim/ride/rider_control.py)

tests/test_rider_posture_tracking.py:149: ImportError
_ test_pedal_request_stays_inside_the_flat_pedal_friction_cone[0.294524311274043] _

phase = np.float64(0.294524311274043)

    @pytest.mark.parametrize('phase', np.linspace(-np.pi,np.pi,65))
    def test_pedal_request_stays_inside_the_flat_pedal_friction_cone(phase):
>       from bike_sim.sim.ride.rider_control import stance_force, feasible_pedal_force
E       ImportError: cannot import name 'feasible_pedal_force' from 'bike_sim.sim.ride.rider_control' (/mnt/data/bikesim-final/src/bike_sim/sim/ride/rider_control.py)

tests/test_rider_posture_tracking.py:149: ImportError
_ test_pedal_request_stays_inside_the_flat_pedal_friction_cone[0.39269908169872414] _

phase = np.float64(0.39269908169872414)

    @pytest.mark.parametrize('phase', np.linspace(-np.pi,np.pi,65))
    def test_pedal_request_stays_inside_the_flat_pedal_friction_cone(phase):
>       from bike_sim.sim.ride.rider_control import stance_force, feasible_pedal_force
E       ImportError: cannot import name 'feasible_pedal_force' from 'bike_sim.sim.ride.rider_control' (/mnt/data/bikesim-final/src/bike_sim/sim/ride/rider_control.py)

tests/test_rider_posture_tracking.py:149: ImportError
_ test_pedal_request_stays_inside_the_flat_pedal_friction_cone[0.4908738521234053] _

phase = np.float64(0.4908738521234053)

    @pytest.mark.parametrize('phase', np.linspace(-np.pi,np.pi,65))
    def test_pedal_request_stays_inside_the_flat_pedal_friction_cone(phase):
>       from bike_sim.sim.ride.rider_control import stance_force, feasible_pedal_force
E       ImportError: cannot import name 'feasible_pedal_force' from 'bike_sim.sim.ride.rider_control' (/mnt/data/bikesim-final/src/bike_sim/sim/ride/rider_control.py)

tests/test_rider_posture_tracking.py:149: ImportError
_ test_pedal_request_stays_inside_the_flat_pedal_friction_cone[0.589048622548086] _

phase = np.float64(0.589048622548086)

    @pytest.mark.parametrize('phase', np.linspace(-np.pi,np.pi,65))
    def test_pedal_request_stays_inside_the_flat_pedal_friction_cone(phase):
>       from bike_sim.sim.ride.rider_control import stance_force, feasible_pedal_force
E       ImportError: cannot import name 'feasible_pedal_force' from 'bike_sim.sim.ride.rider_control' (/mnt/data/bikesim-final/src/bike_sim/sim/ride/rider_control.py)

tests/test_rider_posture_tracking.py:149: ImportError
_ test_pedal_request_stays_inside_the_flat_pedal_friction_cone[0.6872233929727671] _

phase = np.float64(0.6872233929727671)

    @pytest.mark.parametrize('phase', np.linspace(-np.pi,np.pi,65))
    def test_pedal_request_stays_inside_the_flat_pedal_friction_cone(phase):
>       from bike_sim.sim.ride.rider_control import stance_force, feasible_pedal_force
E       ImportError: cannot import name 'feasible_pedal_force' from 'bike_sim.sim.ride.rider_control' (/mnt/data/bikesim-final/src/bike_sim/sim/ride/rider_control.py)

tests/test_rider_posture_tracking.py:149: ImportError
_ test_pedal_request_stays_inside_the_flat_pedal_friction_cone[0.7853981633974483] _

phase = np.float64(0.7853981633974483)

    @pytest.mark.parametrize('phase', np.linspace(-np.pi,np.pi,65))
    def test_pedal_request_stays_inside_the_flat_pedal_friction_cone(phase):
>       from bike_sim.sim.ride.rider_control import stance_force, feasible_pedal_force
E       ImportError: cannot import name 'feasible_pedal_force' from 'bike_sim.sim.ride.rider_control' (/mnt/data/bikesim-final/src/bike_sim/sim/ride/rider_control.py)

tests/test_rider_posture_tracking.py:149: ImportError
_ test_pedal_request_stays_inside_the_flat_pedal_friction_cone[0.883572933822129] _

phase = np.float64(0.883572933822129)

    @pytest.mark.parametrize('phase', np.linspace(-np.pi,np.pi,65))
    def test_pedal_request_stays_inside_the_flat_pedal_friction_cone(phase):
>       from bike_sim.sim.ride.rider_control import stance_force, feasible_pedal_force
E       ImportError: cannot import name 'feasible_pedal_force' from 'bike_sim.sim.ride.rider_control' (/mnt/data/bikesim-final/src/bike_sim/sim/ride/rider_control.py)

tests/test_rider_posture_tracking.py:149: ImportError
_ test_pedal_request_stays_inside_the_flat_pedal_friction_cone[0.9817477042468106] _

phase = np.float64(0.9817477042468106)

    @pytest.mark.parametrize('phase', np.linspace(-np.pi,np.pi,65))
    def test_pedal_request_stays_inside_the_flat_pedal_friction_cone(phase):
>       from bike_sim.sim.ride.rider_control import stance_force, feasible_pedal_force
E       ImportError: cannot import name 'feasible_pedal_force' from 'bike_sim.sim.ride.rider_control' (/mnt/data/bikesim-final/src/bike_sim/sim/ride/rider_control.py)

tests/test_rider_posture_tracking.py:149: ImportError
_ test_pedal_request_stays_inside_the_flat_pedal_friction_cone[1.0799224746714913] _

phase = np.float64(1.0799224746714913)

    @pytest.mark.parametrize('phase', np.linspace(-np.pi,np.pi,65))
    def test_pedal_request_stays_inside_the_flat_pedal_friction_cone(phase):
>       from bike_sim.sim.ride.rider_control import stance_force, feasible_pedal_force
E       ImportError: cannot import name 'feasible_pedal_force' from 'bike_sim.sim.ride.rider_control' (/mnt/data/bikesim-final/src/bike_sim/sim/ride/rider_control.py)

tests/test_rider_posture_tracking.py:149: ImportError
_ test_pedal_request_stays_inside_the_flat_pedal_friction_cone[1.178097245096172] _

phase = np.float64(1.178097245096172)

    @pytest.mark.parametrize('phase', np.linspace(-np.pi,np.pi,65))
    def test_pedal_request_stays_inside_the_flat_pedal_friction_cone(phase):
>       from bike_sim.sim.ride.rider_control import stance_force, feasible_pedal_force
E       ImportError: cannot import name 'feasible_pedal_force' from 'bike_sim.sim.ride.rider_control' (/mnt/data/bikesim-final/src/bike_sim/sim/ride/rider_control.py)

tests/test_rider_posture_tracking.py:149: ImportError
_ test_pedal_request_stays_inside_the_flat_pedal_friction_cone[1.2762720155208536] _

phase = np.float64(1.2762720155208536)

    @pytest.mark.parametrize('phase', np.linspace(-np.pi,np.pi,65))
    def test_pedal_request_stays_inside_the_flat_pedal_friction_cone(phase):
>       from bike_sim.sim.ride.rider_control import stance_force, feasible_pedal_force
E       ImportError: cannot import name 'feasible_pedal_force' from 'bike_sim.sim.ride.rider_control' (/mnt/data/bikesim-final/src/bike_sim/sim/ride/rider_control.py)

tests/test_rider_posture_tracking.py:149: ImportError
_ test_pedal_request_stays_inside_the_flat_pedal_friction_cone[1.3744467859455343] _

phase = np.float64(1.3744467859455343)

    @pytest.mark.parametrize('phase', np.linspace(-np.pi,np.pi,65))
    def test_pedal_request_stays_inside_the_flat_pedal_friction_cone(phase):
>       from bike_sim.sim.ride.rider_control import stance_force, feasible_pedal_force
E       ImportError: cannot import name 'feasible_pedal_force' from 'bike_sim.sim.ride.rider_control' (/mnt/data/bikesim-final/src/bike_sim/sim/ride/rider_control.py)

tests/test_rider_posture_tracking.py:149: ImportError
_ test_pedal_request_stays_inside_the_flat_pedal_friction_cone[1.4726215563702159] _

phase = np.float64(1.4726215563702159)

    @pytest.mark.parametrize('phase', np.linspace(-np.pi,np.pi,65))
    def test_pedal_request_stays_inside_the_flat_pedal_friction_cone(phase):
>       from bike_sim.sim.ride.rider_control import stance_force, feasible_pedal_force
E       ImportError: cannot import name 'feasible_pedal_force' from 'bike_sim.sim.ride.rider_control' (/mnt/data/bikesim-final/src/bike_sim/sim/ride/rider_control.py)

tests/test_rider_posture_tracking.py:149: ImportError
_ test_pedal_request_stays_inside_the_flat_pedal_friction_cone[1.5707963267948966] _

phase = np.float64(1.5707963267948966)

    @pytest.mark.parametrize('phase', np.linspace(-np.pi,np.pi,65))
    def test_pedal_request_stays_inside_the_flat_pedal_friction_cone(phase):
>       from bike_sim.sim.ride.rider_control import stance_force, feasible_pedal_force
E       ImportError: cannot import name 'feasible_pedal_force' from 'bike_sim.sim.ride.rider_control' (/mnt/data/bikesim-final/src/bike_sim/sim/ride/rider_control.py)

tests/test_rider_posture_tracking.py:149: ImportError
_ test_pedal_request_stays_inside_the_flat_pedal_friction_cone[1.6689710972195773] _

phase = np.float64(1.6689710972195773)

    @pytest.mark.parametrize('phase', np.linspace(-np.pi,np.pi,65))
    def test_pedal_request_stays_inside_the_flat_pedal_friction_cone(phase):
>       from bike_sim.sim.ride.rider_control import stance_force, feasible_pedal_force
E       ImportError: cannot import name 'feasible_pedal_force' from 'bike_sim.sim.ride.rider_control' (/mnt/data/bikesim-final/src/bike_sim/sim/ride/rider_control.py)

tests/test_rider_posture_tracking.py:149: ImportError
_ test_pedal_request_stays_inside_the_flat_pedal_friction_cone[1.7671458676442588] _

phase = np.float64(1.7671458676442588)

    @pytest.mark.parametrize('phase', np.linspace(-np.pi,np.pi,65))
    def test_pedal_request_stays_inside_the_flat_pedal_friction_cone(phase):
>       from bike_sim.sim.ride.rider_control import stance_force, feasible_pedal_force
E       ImportError: cannot import name 'feasible_pedal_force' from 'bike_sim.sim.ride.rider_control' (/mnt/data/bikesim-final/src/bike_sim/sim/ride/rider_control.py)

tests/test_rider_posture_tracking.py:149: ImportError
_ test_pedal_request_stays_inside_the_flat_pedal_friction_cone[1.8653206380689396] _

phase = np.float64(1.8653206380689396)

    @pytest.mark.parametrize('phase', np.linspace(-np.pi,np.pi,65))
    def test_pedal_request_stays_inside_the_flat_pedal_friction_cone(phase):
>       from bike_sim.sim.ride.rider_control import stance_force, feasible_pedal_force
E       ImportError: cannot import name 'feasible_pedal_force' from 'bike_sim.sim.ride.rider_control' (/mnt/data/bikesim-final/src/bike_sim/sim/ride/rider_control.py)

tests/test_rider_posture_tracking.py:149: ImportError
_ test_pedal_request_stays_inside_the_flat_pedal_friction_cone[1.9634954084936211] _

phase = np.float64(1.9634954084936211)

    @pytest.mark.parametrize('phase', np.linspace(-np.pi,np.pi,65))
    def test_pedal_request_stays_inside_the_flat_pedal_friction_cone(phase):
>       from bike_sim.sim.ride.rider_control import stance_force, feasible_pedal_force
E       ImportError: cannot import name 'feasible_pedal_force' from 'bike_sim.sim.ride.rider_control' (/mnt/data/bikesim-final/src/bike_sim/sim/ride/rider_control.py)

tests/test_rider_posture_tracking.py:149: ImportError
_ test_pedal_request_stays_inside_the_flat_pedal_friction_cone[2.061670178918302] _

phase = np.float64(2.061670178918302)

    @pytest.mark.parametrize('phase', np.linspace(-np.pi,np.pi,65))
    def test_pedal_request_stays_inside_the_flat_pedal_friction_cone(phase):
>       from bike_sim.sim.ride.rider_control import stance_force, feasible_pedal_force
E       ImportError: cannot import name 'feasible_pedal_force' from 'bike_sim.sim.ride.rider_control' (/mnt/data/bikesim-final/src/bike_sim/sim/ride/rider_control.py)

tests/test_rider_posture_tracking.py:149: ImportError
_ test_pedal_request_stays_inside_the_flat_pedal_friction_cone[2.1598449493429825] _

phase = np.float64(2.1598449493429825)

    @pytest.mark.parametrize('phase', np.linspace(-np.pi,np.pi,65))
    def test_pedal_request_stays_inside_the_flat_pedal_friction_cone(phase):
>       from bike_sim.sim.ride.rider_control import stance_force, feasible_pedal_force
E       ImportError: cannot import name 'feasible_pedal_force' from 'bike_sim.sim.ride.rider_control' (/mnt/data/bikesim-final/src/bike_sim/sim/ride/rider_control.py)

tests/test_rider_posture_tracking.py:149: ImportError
_ test_pedal_request_stays_inside_the_flat_pedal_friction_cone[2.258019719767664] _

phase = np.float64(2.258019719767664)

    @pytest.mark.parametrize('phase', np.linspace(-np.pi,np.pi,65))
    def test_pedal_request_stays_inside_the_flat_pedal_friction_cone(phase):
>       from bike_sim.sim.ride.rider_control import stance_force, feasible_pedal_force
E       ImportError: cannot import name 'feasible_pedal_force' from 'bike_sim.sim.ride.rider_control' (/mnt/data/bikesim-final/src/bike_sim/sim/ride/rider_control.py)

tests/test_rider_posture_tracking.py:149: ImportError
_ test_pedal_request_stays_inside_the_flat_pedal_friction_cone[2.356194490192345] _

phase = np.float64(2.356194490192345)

    @pytest.mark.parametrize('phase', np.linspace(-np.pi,np.pi,65))
    def test_pedal_request_stays_inside_the_flat_pedal_friction_cone(phase):
>       from bike_sim.sim.ride.rider_control import stance_force, feasible_pedal_force
E       ImportError: cannot import name 'feasible_pedal_force' from 'bike_sim.sim.ride.rider_control' (/mnt/data/bikesim-final/src/bike_sim/sim/ride/rider_control.py)

tests/test_rider_posture_tracking.py:149: ImportError
_ test_pedal_request_stays_inside_the_flat_pedal_friction_cone[2.4543692606170255] _

phase = np.float64(2.4543692606170255)

    @pytest.mark.parametrize('phase', np.linspace(-np.pi,np.pi,65))
    def test_pedal_request_stays_inside_the_flat_pedal_friction_cone(phase):
>       from bike_sim.sim.ride.rider_control import stance_force, feasible_pedal_force
E       ImportError: cannot import name 'feasible_pedal_force' from 'bike_sim.sim.ride.rider_control' (/mnt/data/bikesim-final/src/bike_sim/sim/ride/rider_control.py)

tests/test_rider_posture_tracking.py:149: ImportError
_ test_pedal_request_stays_inside_the_flat_pedal_friction_cone[2.552544031041707] _

phase = np.float64(2.552544031041707)

    @pytest.mark.parametrize('phase', np.linspace(-np.pi,np.pi,65))
    def test_pedal_request_stays_inside_the_flat_pedal_friction_cone(phase):
>       from bike_sim.sim.ride.rider_control import stance_force, feasible_pedal_force
E       ImportError: cannot import name 'feasible_pedal_force' from 'bike_sim.sim.ride.rider_control' (/mnt/data/bikesim-final/src/bike_sim/sim/ride/rider_control.py)

tests/test_rider_posture_tracking.py:149: ImportError
_ test_pedal_request_stays_inside_the_flat_pedal_friction_cone[2.650718801466388] _

phase = np.float64(2.650718801466388)

    @pytest.mark.parametrize('phase', np.linspace(-np.pi,np.pi,65))
    def test_pedal_request_stays_inside_the_flat_pedal_friction_cone(phase):
>       from bike_sim.sim.ride.rider_control import stance_force, feasible_pedal_force
E       ImportError: cannot import name 'feasible_pedal_force' from 'bike_sim.sim.ride.rider_control' (/mnt/data/bikesim-final/src/bike_sim/sim/ride/rider_control.py)

tests/test_rider_posture_tracking.py:149: ImportError
_ test_pedal_request_stays_inside_the_flat_pedal_friction_cone[2.7488935718910685] _

phase = np.float64(2.7488935718910685)

    @pytest.mark.parametrize('phase', np.linspace(-np.pi,np.pi,65))
    def test_pedal_request_stays_inside_the_flat_pedal_friction_cone(phase):
>       from bike_sim.sim.ride.rider_control import stance_force, feasible_pedal_force
E       ImportError: cannot import name 'feasible_pedal_force' from 'bike_sim.sim.ride.rider_control' (/mnt/data/bikesim-final/src/bike_sim/sim/ride/rider_control.py)

tests/test_rider_posture_tracking.py:149: ImportError
_ test_pedal_request_stays_inside_the_flat_pedal_friction_cone[2.84706834231575] _

phase = np.float64(2.84706834231575)

    @pytest.mark.parametrize('phase', np.linspace(-np.pi,np.pi,65))
    def test_pedal_request_stays_inside_the_flat_pedal_friction_cone(phase):
>       from bike_sim.sim.ride.rider_control import stance_force, feasible_pedal_force
E       ImportError: cannot import name 'feasible_pedal_force' from 'bike_sim.sim.ride.rider_control' (/mnt/data/bikesim-final/src/bike_sim/sim/ride/rider_control.py)

tests/test_rider_posture_tracking.py:149: ImportError
_ test_pedal_request_stays_inside_the_flat_pedal_friction_cone[2.945243112740431] _

phase = np.float64(2.945243112740431)

    @pytest.mark.parametrize('phase', np.linspace(-np.pi,np.pi,65))
    def test_pedal_request_stays_inside_the_flat_pedal_friction_cone(phase):
>       from bike_sim.sim.ride.rider_control import stance_force, feasible_pedal_force
E       ImportError: cannot import name 'feasible_pedal_force' from 'bike_sim.sim.ride.rider_control' (/mnt/data/bikesim-final/src/bike_sim/sim/ride/rider_control.py)

tests/test_rider_posture_tracking.py:149: ImportError
_ test_pedal_request_stays_inside_the_flat_pedal_friction_cone[3.0434178831651124] _

phase = np.float64(3.0434178831651124)

    @pytest.mark.parametrize('phase', np.linspace(-np.pi,np.pi,65))
    def test_pedal_request_stays_inside_the_flat_pedal_friction_cone(phase):
>       from bike_sim.sim.ride.rider_control import stance_force, feasible_pedal_force
E       ImportError: cannot import name 'feasible_pedal_force' from 'bike_sim.sim.ride.rider_control' (/mnt/data/bikesim-final/src/bike_sim/sim/ride/rider_control.py)

tests/test_rider_posture_tracking.py:149: ImportError
_ test_pedal_request_stays_inside_the_flat_pedal_friction_cone[3.141592653589793] _

phase = np.float64(3.141592653589793)

    @pytest.mark.parametrize('phase', np.linspace(-np.pi,np.pi,65))
    def test_pedal_request_stays_inside_the_flat_pedal_friction_cone(phase):
>       from bike_sim.sim.ride.rider_control import stance_force, feasible_pedal_force
E       ImportError: cannot import name 'feasible_pedal_force' from 'bike_sim.sim.ride.rider_control' (/mnt/data/bikesim-final/src/bike_sim/sim/ride/rider_control.py)

tests/test_rider_posture_tracking.py:149: ImportError
____________ test_return_foot_never_requests_a_tensile_normal_force ____________

    def test_return_foot_never_requests_a_tensile_normal_force():
>       from bike_sim.sim.ride.rider_control import feasible_pedal_force
E       ImportError: cannot import name 'feasible_pedal_force' from 'bike_sim.sim.ride.rider_control' (/mnt/data/bikesim-final/src/bike_sim/sim/ride/rider_control.py)

tests/test_rider_posture_tracking.py:158: ImportError
=========================== short test summary info ============================
FAILED tests/test_rider_posture_tracking.py::test_pedal_request_stays_inside_the_flat_pedal_friction_cone[-3.141592653589793] - ImportError: cannot import name 'feasible_pedal_force' from 'bike_sim.sim.ride.rider_control' (/mnt/data/bikesim-final/src/bike_sim/sim/ride/rider_control.py)
FAILED tests/test_rider_posture_tracking.py::test_pedal_request_stays_inside_the_flat_pedal_friction_cone[-3.043417883165112] - ImportError: cannot import name 'feasible_pedal_force' from 'bike_sim.sim.ride.rider_control' (/mnt/data/bikesim-final/src/bike_sim/sim/ride/rider_control.py)
FAILED tests/test_rider_posture_tracking.py::test_pedal_request_stays_inside_the_flat_pedal_friction_cone[-2.945243112740431] - ImportError: cannot import name 'feasible_pedal_force' from 'bike_sim.sim.ride.rider_control' (/mnt/data/bikesim-final/src/bike_sim/sim/ride/rider_control.py)
FAILED tests/test_rider_posture_tracking.py::test_pedal_request_stays_inside_the_flat_pedal_friction_cone[-2.84706834231575] - ImportError: cannot import name 'feasible_pedal_force' from 'bike_sim.sim.ride.rider_control' (/mnt/data/bikesim-final/src/bike_sim/sim/ride/rider_control.py)
FAILED tests/test_rider_posture_tracking.py::test_pedal_request_stays_inside_the_flat_pedal_friction_cone[-2.748893571891069] - ImportError: cannot import name 'feasible_pedal_force' from 'bike_sim.sim.ride.rider_control' (/mnt/data/bikesim-final/src/bike_sim/sim/ride/rider_control.py)
FAILED tests/test_rider_posture_tracking.py::test_pedal_request_stays_inside_the_flat_pedal_friction_cone[-2.650718801466388] - ImportError: cannot import name 'feasible_pedal_force' from 'bike_sim.sim.ride.rider_control' (/mnt/data/bikesim-final/src/bike_sim/sim/ride/rider_control.py)
FAILED tests/test_rider_posture_tracking.py::test_pedal_request_stays_inside_the_flat_pedal_friction_cone[-2.552544031041707] - ImportError: cannot import name 'feasible_pedal_force' from 'bike_sim.sim.ride.rider_control' (/mnt/data/bikesim-final/src/bike_sim/sim/ride/rider_control.py)
FAILED tests/test_rider_posture_tracking.py::test_pedal_request_stays_inside_the_flat_pedal_friction_cone[-2.454369260617026] - ImportError: cannot import name 'feasible_pedal_force' from 'bike_sim.sim.ride.rider_control' (/mnt/data/bikesim-final/src/bike_sim/sim/ride/rider_control.py)
FAILED tests/test_rider_posture_tracking.py::test_pedal_request_stays_inside_the_flat_pedal_friction_cone[-2.356194490192345] - ImportError: cannot import name 'feasible_pedal_force' from 'bike_sim.sim.ride.rider_control' (/mnt/data/bikesim-final/src/bike_sim/sim/ride/rider_control.py)
FAILED tests/test_rider_posture_tracking.py::test_pedal_request_stays_inside_the_flat_pedal_friction_cone[-2.2580197197676637] - ImportError: cannot import name 'feasible_pedal_force' from 'bike_sim.sim.ride.rider_control' (/mnt/data/bikesim-final/src/bike_sim/sim/ride/rider_control.py)
FAILED tests/test_rider_posture_tracking.py::test_pedal_request_stays_inside_the_flat_pedal_friction_cone[-2.1598449493429825] - ImportError: cannot import name 'feasible_pedal_force' from 'bike_sim.sim.ride.rider_control' (/mnt/data/bikesim-final/src/bike_sim/sim/ride/rider_control.py)
FAILED tests/test_rider_posture_tracking.py::test_pedal_request_stays_inside_the_flat_pedal_friction_cone[-2.061670178918302] - ImportError: cannot import name 'feasible_pedal_force' from 'bike_sim.sim.ride.rider_control' (/mnt/data/bikesim-final/src/bike_sim/sim/ride/rider_control.py)
FAILED tests/test_rider_posture_tracking.py::test_pedal_request_stays_inside_the_flat_pedal_friction_cone[-1.9634954084936207] - ImportError: cannot import name 'feasible_pedal_force' from 'bike_sim.sim.ride.rider_control' (/mnt/data/bikesim-final/src/bike_sim/sim/ride/rider_control.py)
FAILED tests/test_rider_posture_tracking.py::test_pedal_request_stays_inside_the_flat_pedal_friction_cone[-1.8653206380689396] - ImportError: cannot import name 'feasible_pedal_force' from 'bike_sim.sim.ride.rider_control' (/mnt/data/bikesim-final/src/bike_sim/sim/ride/rider_control.py)
FAILED tests/test_rider_posture_tracking.py::test_pedal_request_stays_inside_the_flat_pedal_friction_cone[-1.7671458676442586] - ImportError: cannot import name 'feasible_pedal_force' from 'bike_sim.sim.ride.rider_control' (/mnt/data/bikesim-final/src/bike_sim/sim/ride/rider_control.py)
FAILED tests/test_rider_posture_tracking.py::test_pedal_request_stays_inside_the_flat_pedal_friction_cone[-1.6689710972195777] - ImportError: cannot import name 'feasible_pedal_force' from 'bike_sim.sim.ride.rider_control' (/mnt/data/bikesim-final/src/bike_sim/sim/ride/rider_control.py)
FAILED tests/test_rider_posture_tracking.py::test_pedal_request_stays_inside_the_flat_pedal_friction_cone[-1.5707963267948966] - ImportError: cannot import name 'feasible_pedal_force' from 'bike_sim.sim.ride.rider_control' (/mnt/data/bikesim-final/src/bike_sim/sim/ride/rider_control.py)
FAILED tests/test_rider_posture_tracking.py::test_pedal_request_stays_inside_the_flat_pedal_friction_cone[-1.4726215563702154] - ImportError: cannot import name 'feasible_pedal_force' from 'bike_sim.sim.ride.rider_control' (/mnt/data/bikesim-final/src/bike_sim/sim/ride/rider_control.py)
FAILED tests/test_rider_posture_tracking.py::test_pedal_request_stays_inside_the_flat_pedal_friction_cone[-1.3744467859455345] - ImportError: cannot import name 'feasible_pedal_force' from 'bike_sim.sim.ride.rider_control' (/mnt/data/bikesim-final/src/bike_sim/sim/ride/rider_control.py)
FAILED tests/test_rider_posture_tracking.py::test_pedal_request_stays_inside_the_flat_pedal_friction_cone[-1.2762720155208536] - ImportError: cannot import name 'feasible_pedal_force' from 'bike_sim.sim.ride.rider_control' (/mnt/data/bikesim-final/src/bike_sim/sim/ride/rider_control.py)
FAILED tests/test_rider_posture_tracking.py::test_pedal_request_stays_inside_the_flat_pedal_friction_cone[-1.1780972450961724] - ImportError: cannot import name 'feasible_pedal_force' from 'bike_sim.sim.ride.rider_control' (/mnt/data/bikesim-final/src/bike_sim/sim/ride/rider_control.py)
FAILED tests/test_rider_posture_tracking.py::test_pedal_request_stays_inside_the_flat_pedal_friction_cone[-1.0799224746714913] - ImportError: cannot import name 'feasible_pedal_force' from 'bike_sim.sim.ride.rider_control' (/mnt/data/bikesim-final/src/bike_sim/sim/ride/rider_control.py)
FAILED tests/test_rider_posture_tracking.py::test_pedal_request_stays_inside_the_flat_pedal_friction_cone[-0.9817477042468106] - ImportError: cannot import name 'feasible_pedal_force' from 'bike_sim.sim.ride.rider_control' (/mnt/data/bikesim-final/src/bike_sim/sim/ride/rider_control.py)
FAILED tests/test_rider_posture_tracking.py::test_pedal_request_stays_inside_the_flat_pedal_friction_cone[-0.8835729338221294] - ImportError: cannot import name 'feasible_pedal_force' from 'bike_sim.sim.ride.rider_control' (/mnt/data/bikesim-final/src/bike_sim/sim/ride/rider_control.py)
FAILED tests/test_rider_posture_tracking.py::test_pedal_request_stays_inside_the_flat_pedal_friction_cone[-0.7853981633974483] - ImportError: cannot import name 'feasible_pedal_force' from 'bike_sim.sim.ride.rider_control' (/mnt/data/bikesim-final/src/bike_sim/sim/ride/rider_control.py)
FAILED tests/test_rider_posture_tracking.py::test_pedal_request_stays_inside_the_flat_pedal_friction_cone[-0.6872233929727671] - ImportError: cannot import name 'feasible_pedal_force' from 'bike_sim.sim.ride.rider_control' (/mnt/data/bikesim-final/src/bike_sim/sim/ride/rider_control.py)
FAILED tests/test_rider_posture_tracking.py::test_pedal_request_stays_inside_the_flat_pedal_friction_cone[-0.589048622548086] - ImportError: cannot import name 'feasible_pedal_force' from 'bike_sim.sim.ride.rider_control' (/mnt/data/bikesim-final/src/bike_sim/sim/ride/rider_control.py)
FAILED tests/test_rider_posture_tracking.py::test_pedal_request_stays_inside_the_flat_pedal_friction_cone[-0.4908738521234053] - ImportError: cannot import name 'feasible_pedal_force' from 'bike_sim.sim.ride.rider_control' (/mnt/data/bikesim-final/src/bike_sim/sim/ride/rider_control.py)
FAILED tests/test_rider_posture_tracking.py::test_pedal_request_stays_inside_the_flat_pedal_friction_cone[-0.39269908169872414] - ImportError: cannot import name 'feasible_pedal_force' from 'bike_sim.sim.ride.rider_control' (/mnt/data/bikesim-final/src/bike_sim/sim/ride/rider_control.py)
FAILED tests/test_rider_posture_tracking.py::test_pedal_request_stays_inside_the_flat_pedal_friction_cone[-0.294524311274043] - ImportError: cannot import name 'feasible_pedal_force' from 'bike_sim.sim.ride.rider_control' (/mnt/data/bikesim-final/src/bike_sim/sim/ride/rider_control.py)
FAILED tests/test_rider_posture_tracking.py::test_pedal_request_stays_inside_the_flat_pedal_friction_cone[-0.1963495408493623] - ImportError: cannot import name 'feasible_pedal_force' from 'bike_sim.sim.ride.rider_control' (/mnt/data/bikesim-final/src/bike_sim/sim/ride/rider_control.py)
FAILED tests/test_rider_posture_tracking.py::test_pedal_request_stays_inside_the_flat_pedal_friction_cone[-0.09817477042468115] - ImportError: cannot import name 'feasible_pedal_force' from 'bike_sim.sim.ride.rider_control' (/mnt/data/bikesim-final/src/bike_sim/sim/ride/rider_control.py)
FAILED tests/test_rider_posture_tracking.py::test_pedal_request_stays_inside_the_flat_pedal_friction_cone[0.0] - ImportError: cannot import name 'feasible_pedal_force' from 'bike_sim.sim.ride.rider_control' (/mnt/data/bikesim-final/src/bike_sim/sim/ride/rider_control.py)
FAILED tests/test_rider_posture_tracking.py::test_pedal_request_stays_inside_the_flat_pedal_friction_cone[0.09817477042468115] - ImportError: cannot import name 'feasible_pedal_force' from 'bike_sim.sim.ride.rider_control' (/mnt/data/bikesim-final/src/bike_sim/sim/ride/rider_control.py)
FAILED tests/test_rider_posture_tracking.py::test_pedal_request_stays_inside_the_flat_pedal_friction_cone[0.1963495408493623] - ImportError: cannot import name 'feasible_pedal_force' from 'bike_sim.sim.ride.rider_control' (/mnt/data/bikesim-final/src/bike_sim/sim/ride/rider_control.py)
FAILED tests/test_rider_posture_tracking.py::test_pedal_request_stays_inside_the_flat_pedal_friction_cone[0.294524311274043] - ImportError: cannot import name 'feasible_pedal_force' from 'bike_sim.sim.ride.rider_control' (/mnt/data/bikesim-final/src/bike_sim/sim/ride/rider_control.py)
FAILED tests/test_rider_posture_tracking.py::test_pedal_request_stays_inside_the_flat_pedal_friction_cone[0.39269908169872414] - ImportError: cannot import name 'feasible_pedal_force' from 'bike_sim.sim.ride.rider_control' (/mnt/data/bikesim-final/src/bike_sim/sim/ride/rider_control.py)
FAILED tests/test_rider_posture_tracking.py::test_pedal_request_stays_inside_the_flat_pedal_friction_cone[0.4908738521234053] - ImportError: cannot import name 'feasible_pedal_force' from 'bike_sim.sim.ride.rider_control' (/mnt/data/bikesim-final/src/bike_sim/sim/ride/rider_control.py)
FAILED tests/test_rider_posture_tracking.py::test_pedal_request_stays_inside_the_flat_pedal_friction_cone[0.589048622548086] - ImportError: cannot import name 'feasible_pedal_force' from 'bike_sim.sim.ride.rider_control' (/mnt/data/bikesim-final/src/bike_sim/sim/ride/rider_control.py)
FAILED tests/test_rider_posture_tracking.py::test_pedal_request_stays_inside_the_flat_pedal_friction_cone[0.6872233929727671] - ImportError: cannot import name 'feasible_pedal_force' from 'bike_sim.sim.ride.rider_control' (/mnt/data/bikesim-final/src/bike_sim/sim/ride/rider_control.py)
FAILED tests/test_rider_posture_tracking.py::test_pedal_request_stays_inside_the_flat_pedal_friction_cone[0.7853981633974483] - ImportError: cannot import name 'feasible_pedal_force' from 'bike_sim.sim.ride.rider_control' (/mnt/data/bikesim-final/src/bike_sim/sim/ride/rider_control.py)
FAILED tests/test_rider_posture_tracking.py::test_pedal_request_stays_inside_the_flat_pedal_friction_cone[0.883572933822129] - ImportError: cannot import name 'feasible_pedal_force' from 'bike_sim.sim.ride.rider_control' (/mnt/data/bikesim-final/src/bike_sim/sim/ride/rider_control.py)
FAILED tests/test_rider_posture_tracking.py::test_pedal_request_stays_inside_the_flat_pedal_friction_cone[0.9817477042468106] - ImportError: cannot import name 'feasible_pedal_force' from 'bike_sim.sim.ride.rider_control' (/mnt/data/bikesim-final/src/bike_sim/sim/ride/rider_control.py)
FAILED tests/test_rider_posture_tracking.py::test_pedal_request_stays_inside_the_flat_pedal_friction_cone[1.0799224746714913] - ImportError: cannot import name 'feasible_pedal_force' from 'bike_sim.sim.ride.rider_control' (/mnt/data/bikesim-final/src/bike_sim/sim/ride/rider_control.py)
FAILED tests/test_rider_posture_tracking.py::test_pedal_request_stays_inside_the_flat_pedal_friction_cone[1.178097245096172] - ImportError: cannot import name 'feasible_pedal_force' from 'bike_sim.sim.ride.rider_control' (/mnt/data/bikesim-final/src/bike_sim/sim/ride/rider_control.py)
FAILED tests/test_rider_posture_tracking.py::test_pedal_request_stays_inside_the_flat_pedal_friction_cone[1.2762720155208536] - ImportError: cannot import name 'feasible_pedal_force' from 'bike_sim.sim.ride.rider_control' (/mnt/data/bikesim-final/src/bike_sim/sim/ride/rider_control.py)
FAILED tests/test_rider_posture_tracking.py::test_pedal_request_stays_inside_the_flat_pedal_friction_cone[1.3744467859455343] - ImportError: cannot import name 'feasible_pedal_force' from 'bike_sim.sim.ride.rider_control' (/mnt/data/bikesim-final/src/bike_sim/sim/ride/rider_control.py)
FAILED tests/test_rider_posture_tracking.py::test_pedal_request_stays_inside_the_flat_pedal_friction_cone[1.4726215563702159] - ImportError: cannot import name 'feasible_pedal_force' from 'bike_sim.sim.ride.rider_control' (/mnt/data/bikesim-final/src/bike_sim/sim/ride/rider_control.py)
FAILED tests/test_rider_posture_tracking.py::test_pedal_request_stays_inside_the_flat_pedal_friction_cone[1.5707963267948966] - ImportError: cannot import name 'feasible_pedal_force' from 'bike_sim.sim.ride.rider_control' (/mnt/data/bikesim-final/src/bike_sim/sim/ride/rider_control.py)
FAILED tests/test_rider_posture_tracking.py::test_pedal_request_stays_inside_the_flat_pedal_friction_cone[1.6689710972195773] - ImportError: cannot import name 'feasible_pedal_force' from 'bike_sim.sim.ride.rider_control' (/mnt/data/bikesim-final/src/bike_sim/sim/ride/rider_control.py)
FAILED tests/test_rider_posture_tracking.py::test_pedal_request_stays_inside_the_flat_pedal_friction_cone[1.7671458676442588] - ImportError: cannot import name 'feasible_pedal_force' from 'bike_sim.sim.ride.rider_control' (/mnt/data/bikesim-final/src/bike_sim/sim/ride/rider_control.py)
FAILED tests/test_rider_posture_tracking.py::test_pedal_request_stays_inside_the_flat_pedal_friction_cone[1.8653206380689396] - ImportError: cannot import name 'feasible_pedal_force' from 'bike_sim.sim.ride.rider_control' (/mnt/data/bikesim-final/src/bike_sim/sim/ride/rider_control.py)
FAILED tests/test_rider_posture_tracking.py::test_pedal_request_stays_inside_the_flat_pedal_friction_cone[1.9634954084936211] - ImportError: cannot import name 'feasible_pedal_force' from 'bike_sim.sim.ride.rider_control' (/mnt/data/bikesim-final/src/bike_sim/sim/ride/rider_control.py)
FAILED tests/test_rider_posture_tracking.py::test_pedal_request_stays_inside_the_flat_pedal_friction_cone[2.061670178918302] - ImportError: cannot import name 'feasible_pedal_force' from 'bike_sim.sim.ride.rider_control' (/mnt/data/bikesim-final/src/bike_sim/sim/ride/rider_control.py)
FAILED tests/test_rider_posture_tracking.py::test_pedal_request_stays_inside_the_flat_pedal_friction_cone[2.1598449493429825] - ImportError: cannot import name 'feasible_pedal_force' from 'bike_sim.sim.ride.rider_control' (/mnt/data/bikesim-final/src/bike_sim/sim/ride/rider_control.py)
FAILED tests/test_rider_posture_tracking.py::test_pedal_request_stays_inside_the_flat_pedal_friction_cone[2.258019719767664] - ImportError: cannot import name 'feasible_pedal_force' from 'bike_sim.sim.ride.rider_control' (/mnt/data/bikesim-final/src/bike_sim/sim/ride/rider_control.py)
FAILED tests/test_rider_posture_tracking.py::test_pedal_request_stays_inside_the_flat_pedal_friction_cone[2.356194490192345] - ImportError: cannot import name 'feasible_pedal_force' from 'bike_sim.sim.ride.rider_control' (/mnt/data/bikesim-final/src/bike_sim/sim/ride/rider_control.py)
FAILED tests/test_rider_posture_tracking.py::test_pedal_request_stays_inside_the_flat_pedal_friction_cone[2.4543692606170255] - ImportError: cannot import name 'feasible_pedal_force' from 'bike_sim.sim.ride.rider_control' (/mnt/data/bikesim-final/src/bike_sim/sim/ride/rider_control.py)
FAILED tests/test_rider_posture_tracking.py::test_pedal_request_stays_inside_the_flat_pedal_friction_cone[2.552544031041707] - ImportError: cannot import name 'feasible_pedal_force' from 'bike_sim.sim.ride.rider_control' (/mnt/data/bikesim-final/src/bike_sim/sim/ride/rider_control.py)
FAILED tests/test_rider_posture_tracking.py::test_pedal_request_stays_inside_the_flat_pedal_friction_cone[2.650718801466388] - ImportError: cannot import name 'feasible_pedal_force' from 'bike_sim.sim.ride.rider_control' (/mnt/data/bikesim-final/src/bike_sim/sim/ride/rider_control.py)
FAILED tests/test_rider_posture_tracking.py::test_pedal_request_stays_inside_the_flat_pedal_friction_cone[2.7488935718910685] - ImportError: cannot import name 'feasible_pedal_force' from 'bike_sim.sim.ride.rider_control' (/mnt/data/bikesim-final/src/bike_sim/sim/ride/rider_control.py)
FAILED tests/test_rider_posture_tracking.py::test_pedal_request_stays_inside_the_flat_pedal_friction_cone[2.84706834231575] - ImportError: cannot import name 'feasible_pedal_force' from 'bike_sim.sim.ride.rider_control' (/mnt/data/bikesim-final/src/bike_sim/sim/ride/rider_control.py)
FAILED tests/test_rider_posture_tracking.py::test_pedal_request_stays_inside_the_flat_pedal_friction_cone[2.945243112740431] - ImportError: cannot import name 'feasible_pedal_force' from 'bike_sim.sim.ride.rider_control' (/mnt/data/bikesim-final/src/bike_sim/sim/ride/rider_control.py)
FAILED tests/test_rider_posture_tracking.py::test_pedal_request_stays_inside_the_flat_pedal_friction_cone[3.0434178831651124] - ImportError: cannot import name 'feasible_pedal_force' from 'bike_sim.sim.ride.rider_control' (/mnt/data/bikesim-final/src/bike_sim/sim/ride/rider_control.py)
FAILED tests/test_rider_posture_tracking.py::test_pedal_request_stays_inside_the_flat_pedal_friction_cone[3.141592653589793] - ImportError: cannot import name 'feasible_pedal_force' from 'bike_sim.sim.ride.rider_control' (/mnt/data/bikesim-final/src/bike_sim/sim/ride/rider_control.py)
FAILED tests/test_rider_posture_tracking.py::test_return_foot_never_requests_a_tensile_normal_force - ImportError: cannot import name 'feasible_pedal_force' from 'bike_sim.sim.ride.rider_control' (/mnt/data/bikesim-final/src/bike_sim/sim/ride/rider_control.py)
66 failed, 13 deselected in 0.69s
